
C:\Program Files\dotnet\sdk
\10.0.103\Microsoft.Common.
CurrentVersion.targets(5381
,5): error MSB3027: Could 
not copy "C:\Users\SecOnd\s
ource\repos\Latog_Final_pro
ject\Latog_Final_project\ob
j\Debug\net8.0\apphost.exe"
 to "bin\Debug\net8.0\Latog
_Final_project.exe". 
Exceeded retry count of 
10. Failed. The file is 
locked by: 
"Latog_Final_project 
(34052)" [C:\Users\SecOnd\s
ource\repos\Latog_Final_pro
ject\Latog_Final_project\La
tog_Final_project.csproj]
C:\Program Files\dotnet\sdk
\10.0.103\Microsoft.Common.
CurrentVersion.targets(5381
,5): error MSB3021: Unable 
to copy file "C:\Users\SecO
nd\source\repos\Latog_Final
_project\Latog_Final_projec
t\obj\Debug\net8.0\apphost.
exe" to "bin\Debug\net8.0\L
atog_Final_project.exe". 
The process cannot access 
the file 'C:\Users\SecOnd\s
ource\repos\Latog_Final_pro
ject\Latog_Final_project\bi
n\Debug\net8.0\Latog_Final_
project.exe' because it is 
being used by another 
process. [C:\Users\SecOnd\s
ource\repos\Latog_Final_pro
ject\Latog_Final_project\La
tog_Final_project.csproj]
C:\Program Files\dotnet\sdk
\10.0.103\Microsoft.Common.
CurrentVersion.targets(5381
,5): error MSB3027: Could 
not copy "C:\Users\SecOnd\s
ource\repos\Latog_Final_pro
ject\Latog_Final_project\ob
j\Debug\net8.0\apphost.exe"
 to "bin\Debug\net8.0\Latog
_Final_project.exe". 
Exceeded retry count of 
10. Failed. The file is 
locked by: 
"Latog_Final_project 
(34052)" [C:\Users\SecOnd\s
ource\repos\Latog_Final_pro
ject\Latog_Final_project\La
tog_Final_project.csproj]
C:\Program Files\dotnet\sdk
\10.0.103\Microsoft.Common.
CurrentVersion.targets(5381
,5): error MSB3021: Unable 
to copy file "C:\Users\SecO
nd\source\repos\Latog_Final
_project\Latog_Final_projec
t\obj\Debug\net8.0\apphost.
exe" to "bin\Debug\net8.0\L
atog_Final_project.exe". 
The process cannot access 
the file 'C:\Users\SecOnd\s
ource\repos\Latog_Final_pro
ject\Latog_Final_project\bi
n\Debug\net8.0\Latog_Final_
project.exe' because it is 
being used by another 
process. [C:\Users\SecOnd\s
ource\repos\Latog_Final_pro
ject\Latog_Final_project\La
tog_Final_project.csproj]
    2 Error(s)


